2025-05-09 08:21:00 | DEBUG | repo=curl | action=edit | files=2
2025-02-11 07:02:00 | DEBUG | repo=curl | action=commit
2025-04-20 09:33:00 | DEBUG | repo=curl | action=commit
2024-09-24 16:15:00 | DEBUG | repo=curl | action=commit
2025-05-08 12:26:00 | INFO | repo=curl | action=commit
2024-09-23 08:35:00 | INFO | repo=curl | action=commit
2024-09-22 16:15:00 | DEBUG | repo=curl | action=edit | files=2
2024-12-15 10:15:00 | WARN | repo=curl | action=pull
2025-12-26 13:33:00 | WARN | repo=curl | action=commit
2025-12-08 13:05:00 | INFO | repo=curl | action=commit
2025-05-07 17:09:00 | WARN | repo=curl | action=commit
2025-07-26 10:43:00 | DEBUG | repo=curl | action=edit | files=2
2024-12-24 08:51:00 | WARN | repo=curl | action=test | passed=true
2024-09-27 07:38:00 | DEBUG | repo=curl | action=commit
2024-06-10 20:13:00 | WARN | repo=curl | action=edit | files=2
2024-06-18 16:37:00 | WARN | repo=curl | action=commit
2025-10-18 08:48:00 | INFO | repo=curl | action=edit | files=2
2025-01-23 10:09:00 | INFO | repo=curl | action=commit
2025-07-25 19:53:00 | DEBUG | repo=curl | action=commit
2024-07-21 17:22:00 | WARN | repo=curl | action=commit
2025-04-02 07:50:00 | DEBUG | repo=curl | action=pull
2024-10-09 15:48:00 | WARN | repo=curl | action=pull
2024-08-24 15:54:00 | DEBUG | repo=curl | action=commit
2024-09-12 08:59:00 | DEBUG | repo=curl | action=commit
2025-04-04 14:26:00 | INFO | repo=curl | action=commit
2024-04-26 07:02:00 | DEBUG | repo=curl | action=commit
2025-08-20 18:40:00 | INFO | repo=curl | action=test | passed=true
2025-08-18 13:04:00 | INFO | repo=curl | action=pull
2025-09-05 17:01:00 | INFO | repo=curl | action=test | passed=true
2025-02-01 14:08:00 | INFO | repo=curl | action=pull
2025-02-05 10:02:00 | WARN | repo=curl | action=commit
2025-06-01 13:38:00 | INFO | repo=curl | action=edit | files=5
2025-04-07 19:21:00 | WARN | repo=curl | action=test | passed=true
2025-09-02 17:24:00 | DEBUG | repo=curl | action=pull
2025-07-02 16:02:00 | WARN | repo=curl | action=commit
2025-10-21 11:53:00 | INFO | repo=curl | action=commit
2025-11-06 20:19:00 | DEBUG | repo=curl | action=commit
2025-08-21 15:56:00 | WARN | repo=curl | action=edit | files=5
2025-05-28 08:53:00 | DEBUG | repo=curl | action=edit | files=4
2025-10-26 12:02:00 | DEBUG | repo=curl | action=commit
2025-09-16 14:48:00 | WARN | repo=curl | action=commit
2025-08-19 14:40:00 | INFO | repo=curl | action=commit
2025-10-15 07:07:00 | INFO | repo=curl | action=edit | files=2
2025-06-28 17:57:00 | WARN | repo=curl | action=test | passed=true
2025-04-21 11:01:00 | INFO | repo=curl | action=commit
2025-08-21 07:28:00 | DEBUG | repo=curl | action=commit
2025-11-23 10:33:00 | INFO | repo=curl | action=commit
2025-09-13 13:51:00 | INFO | repo=curl | action=edit | files=5
2025-10-25 17:24:00 | DEBUG | repo=curl | action=commit
2025-11-19 07:22:00 | INFO | repo=curl | action=commit
2025-04-26 08:34:00 | WARN | repo=curl | action=commit
2025-03-08 18:57:00 | DEBUG | repo=curl | action=commit
2025-09-05 14:02:00 | WARN | repo=curl | action=commit
2025-08-03 20:45:00 | INFO | repo=curl | action=commit
2025-05-22 15:59:00 | DEBUG | repo=curl | action=commit
2025-06-25 15:49:00 | WARN | repo=curl | action=commit
2025-01-17 21:48:00 | INFO | repo=curl | action=commit
2025-09-03 11:27:00 | DEBUG | repo=curl | action=commit
2025-05-02 18:03:00 | WARN | repo=curl | action=commit
2025-06-22 11:01:00 | DEBUG | repo=curl | action=commit
2025-10-12 20:30:00 | DEBUG | repo=curl | action=pull
2025-06-02 11:20:00 | WARN | repo=curl | action=commit
2025-03-07 10:12:00 | WARN | repo=curl | action=commit
2025-12-23 11:51:00 | DEBUG | repo=curl | action=commit
2025-06-09 17:46:00 | DEBUG | repo=curl | action=commit
2025-03-27 07:06:00 | INFO | repo=curl | action=commit
2025-07-19 10:32:00 | WARN | repo=curl | action=commit
2025-11-12 08:03:00 | INFO | repo=curl | action=commit
2025-11-10 12:59:00 | INFO | repo=curl | action=commit
2025-05-02 17:36:00 | WARN | repo=curl | action=commit
2025-07-13 21:42:00 | WARN | repo=curl | action=edit | files=4
2025-05-22 20:38:00 | DEBUG | repo=curl | action=commit
2025-08-12 21:19:00 | WARN | repo=curl | action=commit
2025-04-19 21:33:00 | WARN | repo=curl | action=commit
2025-03-05 14:59:00 | INFO | repo=curl | action=pull
2025-05-11 16:20:00 | INFO | repo=curl | action=commit
2025-02-09 15:57:00 | INFO | repo=curl | action=commit
2025-08-24 09:53:00 | WARN | repo=curl | action=edit | files=2
2025-04-23 20:39:00 | WARN | repo=curl | action=commit
2025-07-22 20:36:00 | INFO | repo=curl | action=commit
2025-09-05 15:27:00 | DEBUG | repo=curl | action=edit | files=1
2025-01-04 08:18:00 | DEBUG | repo=curl | action=commit
2025-01-05 08:04:00 | INFO | repo=curl | action=commit
2025-11-24 13:01:00 | WARN | repo=curl | action=commit
2025-01-14 08:03:00 | WARN | repo=curl | action=commit
2025-04-22 21:38:00 | WARN | repo=curl | action=commit
2025-08-19 14:46:00 | WARN | repo=curl | action=commit
2025-12-02 21:45:00 | DEBUG | repo=curl | action=commit
2025-05-03 17:30:00 | INFO | repo=curl | action=commit
2025-08-11 20:39:00 | DEBUG | repo=curl | action=edit | files=2
2025-05-18 12:37:00 | DEBUG | repo=curl | action=pull
2025-12-26 18:41:00 | DEBUG | repo=curl | action=commit
2025-01-06 07:41:00 | DEBUG | repo=curl | action=commit
2025-05-10 15:06:00 | DEBUG | repo=curl | action=commit
2025-07-14 19:41:00 | WARN | repo=curl | action=commit
2025-11-03 11:06:00 | INFO | repo=curl | action=pull
2025-07-03 20:07:00 | INFO | repo=curl | action=commit
2025-11-01 10:57:00 | WARN | repo=curl | action=commit
2025-04-09 21:04:00 | DEBUG | repo=curl | action=commit
2025-07-15 13:17:00 | INFO | repo=curl | action=commit
2025-06-28 13:04:00 | DEBUG | repo=curl | action=pull
2025-09-01 19:41:00 | DEBUG | repo=curl | action=edit | files=1
2025-09-27 15:53:00 | INFO | repo=curl | action=commit
2025-09-18 21:06:00 | WARN | repo=curl | action=commit
2025-05-25 13:30:00 | WARN | repo=curl | action=commit
2025-02-22 13:05:00 | WARN | repo=curl | action=commit
2025-06-23 07:17:00 | DEBUG | repo=curl | action=pull
2025-03-19 15:43:00 | INFO | repo=curl | action=commit
2025-10-06 14:07:00 | WARN | repo=curl | action=commit
2025-11-16 07:34:00 | INFO | repo=curl | action=commit
2025-09-28 19:11:00 | WARN | repo=curl | action=commit
2025-02-06 14:28:00 | WARN | repo=curl | action=commit
2025-04-05 15:54:00 | INFO | repo=curl | action=commit
2025-04-26 13:01:00 | INFO | repo=curl | action=commit
2025-09-28 11:10:00 | WARN | repo=curl | action=commit
2025-05-12 15:53:00 | WARN | repo=curl | action=test | passed=true
2025-02-27 07:20:00 | DEBUG | repo=curl | action=edit | files=3
2025-10-04 08:17:00 | DEBUG | repo=curl | action=commit
2025-12-26 10:02:00 | DEBUG | repo=curl | action=test | passed=true
2025-05-11 13:33:00 | DEBUG | repo=curl | action=commit
2025-11-10 20:22:00 | DEBUG | repo=curl | action=commit
2025-03-08 09:46:00 | WARN | repo=curl | action=commit
2025-06-11 08:03:00 | DEBUG | repo=curl | action=commit
2025-04-14 10:21:00 | WARN | repo=curl | action=commit
2025-02-08 09:41:00 | DEBUG | repo=curl | action=commit
2025-01-09 10:40:00 | INFO | repo=curl | action=commit
2025-09-18 20:10:00 | DEBUG | repo=curl | action=commit
2025-04-07 09:31:00 | WARN | repo=curl | action=commit
2025-06-14 17:17:00 | WARN | repo=curl | action=test | passed=true
2025-11-20 14:39:00 | DEBUG | repo=curl | action=commit
2025-11-10 10:01:00 | INFO | repo=curl | action=edit | files=4
2025-04-23 18:53:00 | DEBUG | repo=curl | action=commit
2025-12-03 09:34:00 | INFO | repo=curl | action=commit
2025-03-05 19:13:00 | DEBUG | repo=curl | action=commit
2025-03-27 21:28:00 | DEBUG | repo=curl | action=commit
2025-11-17 11:13:00 | INFO | repo=curl | action=commit
2025-09-16 14:27:00 | INFO | repo=curl | action=edit | files=2
2025-12-04 17:32:00 | DEBUG | repo=curl | action=test | passed=true
2025-05-17 14:05:00 | WARN | repo=curl | action=pull
2025-04-13 14:36:00 | DEBUG | repo=curl | action=pull
2025-10-28 07:51:00 | DEBUG | repo=curl | action=test | passed=true
2025-12-18 21:38:00 | INFO | repo=curl | action=edit | files=4
2025-05-10 13:59:00 | DEBUG | repo=curl | action=pull
2025-11-14 09:28:00 | WARN | repo=curl | action=test | passed=true
2025-10-02 14:36:00 | WARN | repo=curl | action=commit
2025-05-02 19:21:00 | DEBUG | repo=curl | action=test | passed=true
2025-06-05 11:20:00 | DEBUG | repo=curl | action=commit
2025-08-08 15:57:00 | DEBUG | repo=curl | action=commit
2025-06-26 11:53:00 | WARN | repo=curl | action=commit
2025-07-04 10:21:00 | INFO | repo=curl | action=commit
2025-03-11 07:04:00 | WARN | repo=curl | action=test | passed=true
2025-01-16 08:38:00 | DEBUG | repo=curl | action=pull
2025-02-07 18:05:00 | DEBUG | repo=curl | action=pull
2025-07-17 11:59:00 | DEBUG | repo=curl | action=commit
2025-05-04 08:25:00 | DEBUG | repo=curl | action=commit
2025-11-09 13:55:00 | INFO | repo=curl | action=pull
2025-06-14 12:26:00 | INFO | repo=curl | action=commit
2025-12-17 16:56:00 | INFO | repo=curl | action=commit
2025-02-22 11:42:00 | INFO | repo=curl | action=commit
2025-11-26 18:00:00 | DEBUG | repo=curl | action=edit | files=2
2025-08-25 13:29:00 | WARN | repo=curl | action=edit | files=1
2025-11-17 08:33:00 | INFO | repo=curl | action=commit
2025-03-28 13:54:00 | DEBUG | repo=curl | action=test | passed=true
2025-06-04 21:56:00 | WARN | repo=curl | action=test | passed=true
2025-07-09 18:32:00 | WARN | repo=curl | action=commit
2025-06-06 17:55:00 | WARN | repo=curl | action=commit
2025-10-19 17:04:00 | INFO | repo=curl | action=commit
2025-09-08 11:25:00 | WARN | repo=curl | action=commit
2025-08-12 18:31:00 | WARN | repo=curl | action=commit
2025-01-26 11:31:00 | DEBUG | repo=curl | action=commit
2025-12-11 11:39:00 | INFO | repo=curl | action=edit | files=4
2025-09-08 19:27:00 | INFO | repo=curl | action=commit
2025-03-28 07:42:00 | WARN | repo=curl | action=pull
2025-03-19 08:50:00 | DEBUG | repo=curl | action=commit
2025-05-08 17:19:00 | DEBUG | repo=curl | action=commit
2025-11-02 13:02:00 | DEBUG | repo=curl | action=commit
2025-08-07 07:06:00 | DEBUG | repo=curl | action=commit
2025-12-04 21:04:00 | DEBUG | repo=curl | action=edit | files=5
2025-09-04 08:26:00 | WARN | repo=curl | action=commit
2025-06-18 20:34:00 | INFO | repo=curl | action=commit
2025-09-08 16:15:00 | WARN | repo=curl | action=test | passed=true
2025-04-09 20:12:00 | WARN | repo=curl | action=commit
2025-09-22 13:40:00 | DEBUG | repo=curl | action=test | passed=true
2025-08-09 16:45:00 | DEBUG | repo=curl | action=commit
2025-04-03 08:27:00 | DEBUG | repo=curl | action=test | passed=true
2025-10-27 19:11:00 | INFO | repo=curl | action=commit
2025-12-28 17:53:00 | INFO | repo=curl | action=commit
2025-03-05 10:19:00 | INFO | repo=curl | action=commit
2025-07-14 12:16:00 | WARN | repo=curl | action=edit | files=4
2025-09-09 18:09:00 | DEBUG | repo=curl | action=commit
2025-10-07 08:01:00 | WARN | repo=curl | action=test | passed=true
2025-02-24 09:31:00 | WARN | repo=curl | action=commit
2025-02-21 16:22:00 | DEBUG | repo=curl | action=commit
2025-07-07 21:18:00 | WARN | repo=curl | action=commit
2025-10-06 10:00:00 | WARN | repo=curl | action=test | passed=true
2025-07-09 21:33:00 | INFO | repo=curl | action=edit | files=3
2025-11-19 08:34:00 | WARN | repo=curl | action=commit
2025-12-28 21:56:00 | WARN | repo=curl | action=commit
2025-08-26 12:19:00 | DEBUG | repo=curl | action=commit
2025-11-14 08:23:00 | DEBUG | repo=curl | action=commit
2025-12-05 16:49:00 | INFO | repo=curl | action=commit
2025-08-13 09:53:00 | INFO | repo=curl | action=commit
2025-06-26 16:28:00 | INFO | repo=curl | action=commit
2025-12-01 21:30:00 | WARN | repo=curl | action=edit | files=2
2025-01-22 16:53:00 | INFO | repo=curl | action=commit
2025-07-23 18:03:00 | WARN | repo=curl | action=pull
2025-12-12 10:58:00 | INFO | repo=curl | action=commit
2025-07-10 13:47:00 | INFO | repo=curl | action=edit | files=2
2025-09-22 21:40:00 | DEBUG | repo=curl | action=pull
2025-11-19 08:01:00 | WARN | repo=curl | action=commit
2025-09-04 11:10:00 | INFO | repo=curl | action=commit
2025-07-12 12:11:00 | WARN | repo=curl | action=commit
2025-03-12 18:07:00 | WARN | repo=curl | action=pull
2025-01-21 09:35:00 | WARN | repo=curl | action=commit
2025-10-01 09:24:00 | INFO | repo=curl | action=pull
2025-09-03 07:34:00 | WARN | repo=curl | action=commit
2025-05-20 17:14:00 | DEBUG | repo=curl | action=pull
2025-07-08 20:31:00 | WARN | repo=curl | action=pull
2025-12-01 07:06:00 | WARN | repo=curl | action=commit
2025-08-16 12:38:00 | DEBUG | repo=curl | action=commit
2025-05-12 15:16:00 | WARN | repo=curl | action=commit
2025-03-03 14:23:00 | WARN | repo=curl | action=commit
2025-04-20 19:09:00 | DEBUG | repo=curl | action=commit
2025-07-21 17:03:00 | INFO | repo=curl | action=commit
2025-10-18 08:39:00 | DEBUG | repo=curl | action=commit
2025-06-27 17:23:00 | DEBUG | repo=curl | action=edit | files=1
2025-03-05 07:12:00 | WARN | repo=curl | action=commit
2025-05-06 13:29:00 | INFO | repo=curl | action=commit
2025-03-14 19:17:00 | DEBUG | repo=curl | action=edit | files=3
2025-07-11 11:04:00 | DEBUG | repo=curl | action=commit
2025-03-03 12:49:00 | INFO | repo=curl | action=commit
2025-04-01 16:39:00 | WARN | repo=curl | action=commit
2025-03-25 16:58:00 | INFO | repo=curl | action=edit | files=2
2025-07-13 10:38:00 | WARN | repo=curl | action=commit
2025-07-16 07:46:00 | DEBUG | repo=curl | action=test | passed=true
2025-06-10 14:39:00 | INFO | repo=curl | action=commit
2025-08-27 08:57:00 | INFO | repo=curl | action=edit | files=2
2025-03-22 07:26:00 | DEBUG | repo=curl | action=commit
2025-11-27 15:02:00 | WARN | repo=curl | action=commit
2025-07-26 17:49:00 | DEBUG | repo=curl | action=test | passed=true
2025-02-14 14:42:00 | INFO | repo=curl | action=commit
2025-02-05 12:37:00 | DEBUG | repo=curl | action=commit
2025-10-28 09:58:00 | WARN | repo=curl | action=commit
2025-07-02 08:00:00 | WARN | repo=curl | action=commit
2025-05-23 07:14:00 | WARN | repo=curl | action=pull
2025-09-27 08:28:00 | WARN | repo=curl | action=edit | files=2
2025-03-11 18:19:00 | WARN | repo=curl | action=commit
2025-09-22 18:47:00 | DEBUG | repo=curl | action=pull
2025-06-17 14:39:00 | WARN | repo=curl | action=test | passed=true
2025-10-02 15:47:00 | DEBUG | repo=curl | action=pull
2025-06-06 08:28:00 | INFO | repo=curl | action=commit
2025-08-10 12:30:00 | DEBUG | repo=curl | action=commit
2025-09-22 13:40:00 | WARN | repo=curl | action=edit | files=1
2025-03-19 07:19:00 | DEBUG | repo=curl | action=commit
2025-05-18 10:06:00 | INFO | repo=curl | action=test | passed=true
2025-07-14 21:17:00 | WARN | repo=curl | action=commit
2025-06-18 12:02:00 | WARN | repo=curl | action=commit
2025-04-22 08:32:00 | WARN | repo=curl | action=pull
2025-12-10 21:24:00 | WARN | repo=curl | action=edit | files=5
2025-09-01 16:29:00 | INFO | repo=curl | action=edit | files=1
2025-09-17 12:59:00 | INFO | repo=curl | action=pull
2025-02-02 08:19:00 | DEBUG | repo=curl | action=pull
2025-09-19 07:24:00 | DEBUG | repo=curl | action=edit | files=5
2025-08-19 13:09:00 | DEBUG | repo=curl | action=test | passed=true
2025-07-25 20:29:00 | DEBUG | repo=curl | action=pull
2025-11-02 12:52:00 | INFO | repo=curl | action=test | passed=true
2025-04-06 08:44:00 | DEBUG | repo=curl | action=test | passed=true
2025-06-19 11:59:00 | INFO | repo=curl | action=test | passed=true
2025-11-04 08:48:00 | INFO | repo=curl | action=pull
2025-07-01 08:18:00 | DEBUG | repo=curl | action=commit
2025-09-09 17:41:00 | DEBUG | repo=curl | action=commit
